[web.archive.org/web/20130501080746/http_/miku.dominos.jp/index.html]
[archive.org/includes/analytics2a5b.js]
[web.archive.org/_static/js/ait-client-rewrite4601.js]
[web.archive.org/_static/js/wbhackd1cb.js]
[web.archive.org/_static/js/playback.bundle6598.js]
[web.archive.org/_static/css/banner-styles0d21.css]
[backblue.gif]
[fade.gif]
[index.html]
[web.archive.org/_static/css/iconochive8307.css]
[web.archive.org/web/20130609082033cs_/http_/miku.dominos.jp/stylesheets/screen.css]
[web.archive.org/web/20130424045714cs_/http_/miku.dominos.jp/colorbox.css]
[web.archive.org/_static/images/toolbar/wayback-toolbar-logo.png]
[web.archive.org/_static/images/toolbar/wm_tb_prv_on.png]
[web.archive.org/_static/images/toolbar/wm_tb_nxt_on.png]
[web.archive.org/_static/images/loading.gif]
[web.archive.org/web/20130424064833im_/http_/miku.dominos.jp/img/dominos_logo.png]
[web.archive.org/web/20130424062617im_/http_/miku.dominos.jp/img/nav_top.png]
[web.archive.org/web/20130424045855im_/http_/miku.dominos.jp/img/nav_app_after.png]
[web.archive.org/web/20130424093016im_/http_/miku.dominos.jp/img/nav_box.png]
[web.archive.org/web/20130609082713im_/http_/miku.dominos.jp/img/nav_bike.png]
[web.archive.org/web/20130424065910im_/http_/miku.dominos.jp/img/nav_support.png]
[web.archive.org/web/20130424090340im_/http_/miku.dominos.jp/img/btn_appstore.png]
[web.archive.org/web/20130424040754im_/http_/miku.dominos.jp/img/btn_appstore_o.png]
[web.archive.org/web/20130424061950im_/http_/miku.dominos.jp/img/sp_dominos_logo.png]
[web.archive.org/web/20130424060237im_/http_/miku.dominos.jp/img/nav_app.png]
[web.archive.org/web/20130424091002im_/http_/miku.dominos.jp/img/nav_movie.png]
[web.archive.org/web/20130424092208im_/http_/miku.dominos.jp/img/main_logo.png]
[web.archive.org/web/20130424024538im_/http_/miku.dominos.jp/img/main_description.png]
[web.archive.org/web/20130424030721im_/http_/miku.dominos.jp/img/device_compatibility.png]
[web.archive.org/web/20130424023454im_/http_/miku.dominos.jp/img/sp_main_logo.png]
[web.archive.org/web/20130424043239im_/http_/miku.dominos.jp/img/sp_main_description.png]
[web.archive.org/web/20130424085804im_/http_/miku.dominos.jp/img/iphone_frame.png]
[web.archive.org/web/20130424092654im_/http_/miku.dominos.jp/img/sp_btn_appstore.png]
[web.archive.org/web/20130424072823im_/http_/miku.dominos.jp/img/sp_device_compatibility.png]
[web.archive.org/web/20130424040658im_/http_/miku.dominos.jp/img/feature_01.png]
[web.archive.org/web/20130424075935im_/http_/miku.dominos.jp/img/feature_02.png]
[web.archive.org/web/20130424065825im_/http_/miku.dominos.jp/img/feature_03.png]
[web.archive.org/web/20130424065126im_/http_/miku.dominos.jp/img/feature_04.png]
[web.archive.org/web/20130609083345im_/http_/miku.dominos.jp/img/feature_05.png]
[web.archive.org/web/20130609083305im_/http_/miku.dominos.jp/img/sp_video.png]
[web.archive.org/web/20130424062944im_/http_/miku.dominos.jp/img/box_description.png]
[web.archive.org/web/20130424072813im_/http_/miku.dominos.jp/img/box_note.png]
[web.archive.org/web/20130424035336im_/http_/miku.dominos.jp/img/sp_box_detail.png]
[web.archive.org/web/20130424041603im_/http_/miku.dominos.jp/img/bike_description.png]
[web.archive.org/web/20130609082146im_/http_/miku.dominos.jp/img/support_description.png]
[web.archive.org/web/20130424090435im_/http_/miku.dominos.jp/img/sp_bluray_cover.jpg]
[web.archive.org/web/20130424043521im_/http_/miku.dominos.jp/img/dominoCrew_description.png]
[web.archive.org/web/20130424074910im_/http_/miku.dominos.jp/img/dominoCrew_banner.jpg]
[web.archive.org/web/20130424032813im_/http_/miku.dominos.jp/img/sp_copyright.png]
[web.archive.org/web/20130609083201im_/http_/miku.dominos.jp/img/video_frame.png]
[web.archive.org/web/20130424065507im_/http_/miku.dominos.jp/img/appSlide/01.png]
[web.archive.org/web/20130609082708im_/http_/miku.dominos.jp/img/appSlide/02.png]
[web.archive.org/web/20130424040927im_/http_/miku.dominos.jp/img/appSlide/03.png]
[web.archive.org/web/20130609082514im_/http_/miku.dominos.jp/img/appSlide/04.png]
[web.archive.org/web/20130609082742im_/http_/miku.dominos.jp/img/appSlide/05.png]
[web.archive.org/web/20130424064640im_/http_/miku.dominos.jp/img/bikeSlide/01.png]
[web.archive.org/web/20130424052857im_/http_/miku.dominos.jp/img/bikeSlide/02.png]
[web.archive.org/web/20130424042404im_/http_/miku.dominos.jp/img/bikeSlide/03.png]
[web.archive.org/web/20130424041222im_/http_/miku.dominos.jp/img/bikeSlide/04.png]
[web.archive.org/web/20130424051500im_/http_/miku.dominos.jp/img/bikeSlide/05.png]
[web.archive.org/web/20130424032751im_/http_/miku.dominos.jp/img/sp_footer_logo.png]
[web.archive.org/web/20130424063749im_/http_/miku.dominos.jp/img/share_twitter.png]
[web.archive.org/web/20130424074129im_/http_/miku.dominos.jp/img/share_facebook.png]
[web.archive.org/web/20130424070857im_/http_/miku.dominos.jp/img/share_gplus.png]
[web.archive.org/web/20130424062008im_/http_/miku.dominos.jp/img/share_mixi.png]
[web.archive.org/web/20130424034917im_/http_/miku.dominos.jp/img/share_line.png]
[web.archive.org/web/20130501075250js_/http_/ajax.googleapis.com/ajax/libs/jquery/1.9.1/jquery.min.js]
[web.archive.org/web/20130424040754/http_/miku.dominos.jp/img/btn_appstore_o.html]
[web.archive.org/web/20130426055905/http_/miku.dominos.jp/img/nav_app_after_o.html]
[web.archive.org/web/20130426044123/http_/miku.dominos.jp/img/nav_app_o.html]
[web.archive.org/web/20130426044512/http_/miku.dominos.jp/img/nav_bike_o.html]
[web.archive.org/web/20130426042734/http_/miku.dominos.jp/img/nav_box_o.html]
[web.archive.org/web/20130426041424/http_/miku.dominos.jp/img/nav_coupon_o.html]
[web.archive.org/web/20130426041301/http_/miku.dominos.jp/img/nav_support_o.html]
[web.archive.org/web/20130426045148/http_/miku.dominos.jp/img/nav_top_o.html]
[web.archive.org/web/20130501080746/http_/miku.dominos.jp/index.html]
[analytics.archive.org/0.gif]
[archive.org/includes/analytics2a5b.js]
[web.archive.org/web/20130426045711/http_/miku.dominos.jp/img/video_frame_o.html]
[web.archive.org/_static/css/banner-styles0d21.css]
[web.archive.org/_static/css/iconochive8307.css]
[web.archive.org/_static/css/record.css]
[web.archive.org/web/20130426043821im_/http_/miku.dominos.jp/img/bg_header.png]
[web.archive.org/web/20130426045711im_/http_/miku.dominos.jp/img/video_frame_o.png]
[web.archive.org/web/20130426044123im_/http_/miku.dominos.jp/img/nav_app_o.png]
[web.archive.org/web/20130426041424im_/http_/miku.dominos.jp/img/nav_coupon_o.png]
[web.archive.org/web/20130426045148im_/http_/miku.dominos.jp/img/nav_top_o.png]
[web.archive.org/web/20130426055905im_/http_/miku.dominos.jp/img/nav_app_after_o.png]
[web.archive.org/web/20130426054941im_/http_/miku.dominos.jp/img/nav_movie_o.png]
[web.archive.org/web/20130426042734im_/http_/miku.dominos.jp/img/nav_box_o.png]
[web.archive.org/web/20130426044512im_/http_/miku.dominos.jp/img/nav_bike_o.png]
[web.archive.org/web/20130426041301im_/http_/miku.dominos.jp/img/nav_support_o.png]
[web.archive.org/web/20130426055346im_/http_/miku.dominos.jp/img/bg_footer.png]
[web.archive.org/web/20130426053855im_/http_/miku.dominos.jp/img/txt_copyright.png]
[web.archive.org/web/20130426053404im_/http_/miku.dominos.jp/img/bg_top.png]
[web.archive.org/web/20130426060334im_/http_/miku.dominos.jp/img/bg_coupon.png]
[web.archive.org/web/20130426054258im_/http_/miku.dominos.jp/img/coupon_phrase.png]
[web.archive.org/web/20130426054503im_/http_/miku.dominos.jp/img/bg_box.png]
[web.archive.org/web/20130426050305im_/http_/miku.dominos.jp/img/box_phrase.png]
[web.archive.org/web/20130609082033im_/http_/miku.dominos.jp/img/box_timeoutNotice.png]
[web.archive.org/web/20130426044603im_/http_/miku.dominos.jp/img/bg_bike.png]
[web.archive.org/web/20130426053143im_/http_/miku.dominos.jp/img/bike_phrase.png]
[web.archive.org/web/20130426042027im_/http_/miku.dominos.jp/img/bg_support.png]
[web.archive.org/web/20130426035635im_/http_/miku.dominos.jp/img/support_phrase.png]
[web.archive.org/web/20130426053402im_/http_/miku.dominos.jp/img/bg_dominoCrew.png]
[web.archive.org/web/20130426043135im_/http_/miku.dominos.jp/img/dominoCrew_phrase.png]
[web.archive.org/web/20130426055959im_/http_/miku.dominos.jp/img/coupon_note.png]
[web.archive.org/web/20130426043536im_/http_/miku.dominos.jp/img/mikuOverlay.png]
[web.archive.org/web/20130426053500im_/http_/miku.dominos.jp/img/iphone_slider.png]
[web.archive.org/web/20130426055249im_/http_/miku.dominos.jp/img/appSlide/bg.png]
[web.archive.org/web/20130426054901im_/http_/miku.dominos.jp/img/bikeSlide/bg.png]
[web.archive.org/web/20130426043000im_/http_/miku.dominos.jp/img/bg_app.png]
[web.archive.org/web/20130426060410im_/http_/miku.dominos.jp/img/deco_cutter_miku.png]
[web.archive.org/web/20130426043353im_/http_/miku.dominos.jp/img/sp_bg_top.png]
[web.archive.org/web/20130426041923im_/http_/miku.dominos.jp/img/sp_bg_top_block_odd.png]
[web.archive.org/web/20130426054001im_/http_/miku.dominos.jp/img/sp_bg_top_block_even.png]
[web.archive.org/web/20130426035641im_/http_/miku.dominos.jp/img/feature_01_title.png]
[web.archive.org/web/20130426042745im_/http_/miku.dominos.jp/img/feature_02_title.png]
[web.archive.org/web/20130426044806im_/http_/miku.dominos.jp/img/feature_03_title.png]
[web.archive.org/web/20130426054559im_/http_/miku.dominos.jp/img/feature_04_title.png]
[web.archive.org/web/20130426060143im_/http_/miku.dominos.jp/img/feature_05_title.png]
[web.archive.org/web/20130426040236im_/http_/miku.dominos.jp/img/sp_bg_coupon.png]
[web.archive.org/web/20130426041639im_/http_/miku.dominos.jp/img/sp_coupon_miku.png]
[web.archive.org/web/20130426053234im_/http_/miku.dominos.jp/img/sp_coupon_header.png]
[web.archive.org/web/20130426043134im_/http_/miku.dominos.jp/img/sp_coupon_phrase.png]
[web.archive.org/web/20130426041206im_/http_/miku.dominos.jp/img/sp_bg_box.png]
[web.archive.org/web/20130609082033im_/http_/miku.dominos.jp/img/sp_box_timeoutNotice.png]
[web.archive.org/web/20130426055932im_/http_/miku.dominos.jp/img/sp_box_note_bg.png]
[web.archive.org/web/20130426042212im_/http_/miku.dominos.jp/img/sp_box_miku.png]
[web.archive.org/web/20130426044949im_/http_/miku.dominos.jp/img/sp_box_header.png]
[web.archive.org/web/20130426051503im_/http_/miku.dominos.jp/img/sp_box_phrase.png]
[web.archive.org/web/20130426044131im_/http_/miku.dominos.jp/img/sp_bg_bike.png]
[web.archive.org/web/20130426042431im_/http_/miku.dominos.jp/img/sp_bike_miku.png]
[web.archive.org/web/20130426055743im_/http_/miku.dominos.jp/img/sp_bike_header.png]
[web.archive.org/web/20130426040122im_/http_/miku.dominos.jp/img/sp_bike_phrase.png]
[web.archive.org/web/20130426051513im_/http_/miku.dominos.jp/img/sp_support_miku.png]
[web.archive.org/web/20130426044519im_/http_/miku.dominos.jp/img/sp_support_header.png]
[web.archive.org/web/20130426045720im_/http_/miku.dominos.jp/img/sp_support_phrase.png]
[web.archive.org/web/20130426041419im_/http_/miku.dominos.jp/img/sp_bg_dominoCrew.png]
[web.archive.org/web/20130426044707im_/http_/miku.dominos.jp/img/sp_dominoCrew_miku.png]
[web.archive.org/web/20130426045445im_/http_/miku.dominos.jp/img/sp_dominoCrew_header.png]
[web.archive.org/web/20130426044255im_/http_/miku.dominos.jp/img/sp_dominoCrew_phrase.png]
[web.archive.org/web/20130426054207im_/http_/miku.dominos.jp/img/sp_movie_header.png]
[web.archive.org/web/20130609082033cs_/http_/miku.dominos.jp/stylesheets/screen.css]
[web.archive.org/web/20130424023905cs_/http_/miku.dominos.jp/stylesheets/print.css]
[web.archive.org/web/20130426072117im_/http_/miku.dominos.jp/images/overlay.png]
[web.archive.org/web/20130426100730im_/http_/miku.dominos.jp/images/loading_background.png]
[web.archive.org/web/20130426091331im_/http_/miku.dominos.jp/images/loading.gif]
[web.archive.org/web/20130426082423im_/http_/miku.dominos.jp/images/controls.png]
[web.archive.org/web/20130426092546im_/http_/miku.dominos.jp/images/close.png]
[web.archive.org/web/20130426063214im_/http_/miku.dominos.jp/images/ie6/borderTopLeft.png]
[web.archive.org/web/20130426071730im_/http_/miku.dominos.jp/images/ie6/borderTopCenter.png]
[web.archive.org/web/20130426090006im_/http_/miku.dominos.jp/images/ie6/borderTopRight.png]
[web.archive.org/web/20130426101628im_/http_/miku.dominos.jp/images/ie6/borderBottomLeft.png]
[web.archive.org/web/20130426072205im_/http_/miku.dominos.jp/images/ie6/borderBottomCenter.png]
[web.archive.org/web/20130426084936im_/http_/miku.dominos.jp/images/ie6/borderBottomRight.png]
[web.archive.org/web/20130426101916im_/http_/miku.dominos.jp/images/ie6/borderMiddleLeft.png]
[web.archive.org/web/20130426081500im_/http_/miku.dominos.jp/images/ie6/borderMiddleRight.png]
[web.archive.org/web/20130424045714cs_/http_/miku.dominos.jp/colorbox.css]
[web.archive.org/web/20130424033728js_/http_/miku.dominos.jp/js/jquery.easing.1.3.js]
[web.archive.org/web/20130424081950js_/http_/miku.dominos.jp/js/jquery.colorbox-min.js]
[web.archive.org/web/20130424024452js_/http_/miku.dominos.jp/js/main.js]
[web.archive.org/_static/js/jquery-1.11.1.min.js]
[web.archive.org/web/20130424040754/http_/web.archive.org/screenshot/http_/miku.dominos.jp/img/btn_appstore_o.png]
[web.archive.org/web/20130307024235/http_/miku.dominos.jp/img/btn_appstore_o.html]
[web.archive.org/web/20130609082407/http_/miku.dominos.jp/img/btn_appstore_o.html]
[web.archive.org/web/20130424040754_/http_/miku.dominos.jp/img/btn_appstore_o.html]
[archive.org/includes/donateb986.html]
[web.archive.org/web/20130424040754if_/http_/miku.dominos.jp/img/btn_appstore_o.png]
[web.archive.org/web/20130424040754/http_/miku.dominos.jp/img/btn_appstore_o.html]
[web.archive.org/web/20130426055905/http_/web.archive.org/screenshot/http_/miku.dominos.jp/img/nav_app_after_o.12f.delayed]
[web.archive.org/web/20130307024230/http_/miku.dominos.jp/img/nav_app_after_o.html]
[web.archive.org/_static/images/toolbar/wm_tb_nxt_off.png]
[web.archive.org/web/20130426055905_/http_/miku.dominos.jp/img/nav_app_after_o.html]
[archive.org/includes/donateca08.html]
[web.archive.org/web/20130426055905if_/http_/miku.dominos.jp/img/nav_app_after_o.png]
[web.archive.org/web/20130426055905/http_/miku.dominos.jp/img/nav_app_after_o.html]
[web.archive.org/web/20130426044123/http_/web.archive.org/screenshot/http_/miku.dominos.jp/img/nav_app_o.png]
[web.archive.org/web/20130307024226/http_/miku.dominos.jp/img/nav_app_o.html]
[web.archive.org/web/20130426044123_/http_/miku.dominos.jp/img/nav_app_o.html]
[web.archive.org/web/20130426044123if_/http_/miku.dominos.jp/img/nav_app_o.png]
[web.archive.org/web/20130426044123/http_/miku.dominos.jp/img/nav_app_o.html]
[web.archive.org/web/20130426044512/http_/web.archive.org/screenshot/http_/miku.dominos.jp/img/nav_bike_o.png]
[web.archive.org/web/20130307024224/http_/miku.dominos.jp/img/nav_bike_o.html]
[web.archive.org/web/20130426044512_/http_/miku.dominos.jp/img/nav_bike_o.html]
[archive.org/includes/donate43ac.html]
[web.archive.org/web/20130426044512if_/http_/miku.dominos.jp/img/nav_bike_o.png]
[web.archive.org/web/20130426044512/http_/miku.dominos.jp/img/nav_bike_o.html]
[web.archive.org/web/20130426042734/http_/web.archive.org/screenshot/http_/miku.dominos.jp/img/nav_box_o.148.delayed]
[web.archive.org/web/20130307024224/http_/miku.dominos.jp/img/nav_box_o.html]
[web.archive.org/web/20130426042734_/http_/miku.dominos.jp/img/nav_box_o.html]
[web.archive.org/web/20130426042734if_/http_/miku.dominos.jp/img/nav_box_o.png]
[web.archive.org/web/20130426042734/http_/miku.dominos.jp/img/nav_box_o.html]
[web.archive.org/web/20130426041424/http_/web.archive.org/screenshot/http_/miku.dominos.jp/img/nav_coupon_o.png]
[web.archive.org/web/20130307024235/http_/miku.dominos.jp/img/nav_coupon_o.html]
[web.archive.org/web/20130426041424_/http_/miku.dominos.jp/img/nav_coupon_o.html]
[archive.org/includes/donate0730.html]
[web.archive.org/web/20130426041424if_/http_/miku.dominos.jp/img/nav_coupon_o.png]
[web.archive.org/web/20130426041424/http_/miku.dominos.jp/img/nav_coupon_o.html]
[web.archive.org/web/20130426041301/http_/web.archive.org/screenshot/http_/miku.dominos.jp/img/nav_support_o.158.delayed]
[web.archive.org/web/20130307024234/http_/miku.dominos.jp/img/nav_support_o.html]
[web.archive.org/web/20130426041301_/http_/miku.dominos.jp/img/nav_support_o.html]
[archive.org/includes/donateaddd.html]
[web.archive.org/web/20130426041301if_/http_/miku.dominos.jp/img/nav_support_o.png]
[web.archive.org/web/20130426041301/http_/miku.dominos.jp/img/nav_support_o.html]
[web.archive.org/web/20130426045148/http_/web.archive.org/screenshot/http_/miku.dominos.jp/img/nav_top_o.png]
[web.archive.org/web/20130307024235/http_/miku.dominos.jp/img/nav_top_o.html]
[web.archive.org/web/20130426045148_/http_/miku.dominos.jp/img/nav_top_o.html]
[archive.org/includes/donate2005.html]
[web.archive.org/web/20130426045148if_/http_/miku.dominos.jp/img/nav_top_o.png]
[web.archive.org/web/20130426045148/http_/miku.dominos.jp/img/nav_top_o.html]
[web.archive.org/web/20130426045711/http_/web.archive.org/screenshot/http_/miku.dominos.jp/img/video_frame_o.168.delayed]
[web.archive.org/web/20130307024228/http_/miku.dominos.jp/img/video_frame_o.html]
[web.archive.org/web/20130426045711_/http_/miku.dominos.jp/img/video_frame_o.html]
[archive.org/includes/donatef43c.html]
[web.archive.org/web/20130426045711if_/http_/miku.dominos.jp/img/video_frame_o.png]
[web.archive.org/web/20130426045711/http_/miku.dominos.jp/img/video_frame_o.html]
[web.archive.org/_static/css/record.css]
[web.archive.org/web/20130609082033im_/http_/miku.dominos.jp/img/box_timeoutNotice.html]
[web.archive.org/web/20130609082033im_/http_/miku.dominos.jp/img/sp_box_timeoutNotice.html]
[web.archive.org/web/20130426045445im_/http_/miku.dominos.jp/img/sp_dominoCrew_header.html]
[web.archive.org/web/20130424040754/http_/web.archive.org/screenshot/http_/miku.dominos.jp/img/btn_appstore_o.html]
[web.archive.org/web/20130307024235/http_/web.archive.org/screenshot/http_/miku.dominos.jp/img/btn_appstore_o.png]
[web.archive.org/_static/images/toolbar/wm_tb_prv_off.png]
[web.archive.org/web/20130307024235_/http_/miku.dominos.jp/img/btn_appstore_o.html]
[archive.org/includes/donate0e2a.html]
[web.archive.org/web/20130307024235if_/http_/miku.dominos.jp/img/btn_appstore_o.png]
[web.archive.org/web/20130307024235/http_/miku.dominos.jp/img/btn_appstore_o.html]
[web.archive.org/web/20130609082407/http_/web.archive.org/screenshot/http_/miku.dominos.jp/img/btn_appstore_o.177.delayed]
[web.archive.org/web/20130609082407_/http_/miku.dominos.jp/img/btn_appstore_o.html]
[archive.org/includes/donate9868.html]
[web.archive.org/web/20130609082407if_/http_/miku.dominos.jp/img/btn_appstore_o.png]
[web.archive.org/web/20130609082407/http_/miku.dominos.jp/img/btn_appstore_o.html]
[archive.org/includes/jquery-1.10.2.min7a0c.js]
[archive.org/includes/analytics6a13.js]
[archive.org/includes/build/npm/jquery-ui.mine7d9.js]
[archive.org/components/npm/clipboard/dist/clipboard6a13.js]
[archive.org/includes/build/js/regenerator-runtime-polyfill.min6a13.js]
[archive.org/includes/build/js/more-facets.min6a13.js]
[archive.org/includes/build/js/radio-player-controller.min6a13.js]
[archive.org/includes/build/js/mobile-top-nav.min6a13.js]
[archive.org/includes/build/npm/react/umd/react.production.min3a93.js]
[archive.org/includes/build/css/archive.min6a13.css]
[web.archive.org/_static/js/raven.min.js]
[web.archive.org/_static/css/stylesde12.css]
[web.archive.org/_static/js/ui4b8e.js]
[web.archive.org/_static/css/web.css]
[web.archive.org/static/bower_components/wayback-search-js/dist/vendors_main.0434e0f03eb87bbd2abf.chunk.css]
[web.archive.org/static/bower_components/wayback-search-js/dist/main.060f689309dac082ddee.chunk.css]
[web.archive.org/static/bower_components/wayback-search-js/dist/runtime.931bacd2dd08ee64b0e4.js]
[web.archive.org/static/bower_components/wayback-search-js/dist/main.060f689309dac082ddee.chunk.js]
[web.archive.org/static/bower_components/wayback-search-js/dist/vendors_main.0434e0f03eb87bbd2abf.chunk.js]
[archive.org/web/carouFredSel/jquery.carouFredSel-6.2.1-packed9242.js]
[archive.org/images/WaybackLogoSmall.png]
[archive.org/images/national-emergency-library-logo-padded.png]
[archive.org/images/widgetOL.png]
[web.archive.org/web/20130424040754_/http_/miku.dominos.jp/img/btn_appstore_o.html]
[archive.org/includes/jquery-1.10.2.min.js]
[archive.org/components/npm/@babel/polyfill/dist/polyfill.min.js]
[archive.org/includes/build/js/ie-dom-node-remove-polyfill.min.js]
[archive.org/includes/donateb986.html]
[web.archive.org/web/20130426055905/http_/web.archive.org/screenshot/http_/miku.dominos.jp/img/nav_app_after_o.html]
[archive.org/includes/analytics.js]
[web.archive.org/web/20130307024230/http_/web.archive.org/screenshot/http_/miku.dominos.jp/img/nav_app_after_o.png]
[web.archive.org/web/20130307024230_/http_/miku.dominos.jp/img/nav_app_after_o.html]
[web.archive.org/web/20130307024230if_/http_/miku.dominos.jp/img/nav_app_after_o.png]
[web.archive.org/web/20130307024230/http_/miku.dominos.jp/img/nav_app_after_o.html]
[web.archive.org/web/20130426055905_/http_/miku.dominos.jp/img/nav_app_after_o.html]
[archive.org/includes/donateca08.html]
[web.archive.org/web/20130426044123/http_/web.archive.org/screenshot/http_/miku.dominos.jp/img/nav_app_o.html]
[web.archive.org/web/20130307024226/http_/web.archive.org/screenshot/http_/miku.dominos.jp/img/nav_app_o.1a5.delayed]
[web.archive.org/web/20130307024226_/http_/miku.dominos.jp/img/nav_app_o.html]
[archive.org/includes/donate4ba5.html]
[web.archive.org/web/20130307024226if_/http_/miku.dominos.jp/img/nav_app_o.png]
[web.archive.org/web/20130307024226/http_/miku.dominos.jp/img/nav_app_o.html]
[web.archive.org/web/20130426044123_/http_/miku.dominos.jp/img/nav_app_o.html]
[web.archive.org/web/20130426044512/http_/web.archive.org/screenshot/http_/miku.dominos.jp/img/nav_bike_o.html]
[web.archive.org/web/20130307024224/http_/web.archive.org/screenshot/http_/miku.dominos.jp/img/nav_bike_o.png]
[web.archive.org/web/20130307024224_/http_/miku.dominos.jp/img/nav_bike_o.html]
[archive.org/includes/donatef5a6.html]
[web.archive.org/web/20130307024224if_/http_/miku.dominos.jp/img/nav_bike_o.png]
[web.archive.org/web/20130307024224/http_/miku.dominos.jp/img/nav_bike_o.html]
[web.archive.org/web/20130426044512_/http_/miku.dominos.jp/img/nav_bike_o.html]
[archive.org/includes/donate43ac.html]
[web.archive.org/web/20130426042734/http_/web.archive.org/screenshot/http_/miku.dominos.jp/img/nav_box_o.html]
[web.archive.org/web/20130307024224/http_/web.archive.org/screenshot/http_/miku.dominos.jp/img/nav_box_o.png]
[web.archive.org/web/20130307024224_/http_/miku.dominos.jp/img/nav_box_o.html]
[archive.org/includes/donate6fd9.html]
[web.archive.org/web/20130307024224if_/http_/miku.dominos.jp/img/nav_box_o.png]
[web.archive.org/web/20130307024224/http_/miku.dominos.jp/img/nav_box_o.html]
[web.archive.org/web/20130426042734_/http_/miku.dominos.jp/img/nav_box_o.html]
[web.archive.org/web/20130426041424/http_/web.archive.org/screenshot/http_/miku.dominos.jp/img/nav_coupon_o.html]
[web.archive.org/web/20130307024235/http_/web.archive.org/screenshot/http_/miku.dominos.jp/img/nav_coupon_o.1b7.delayed]
[web.archive.org/web/20130307024235_/http_/miku.dominos.jp/img/nav_coupon_o.html]
[archive.org/includes/donate3279.html]
[web.archive.org/web/20130307024235if_/http_/miku.dominos.jp/img/nav_coupon_o.png]
[web.archive.org/web/20130307024235/http_/miku.dominos.jp/img/nav_coupon_o.html]
[web.archive.org/web/20130426041424_/http_/miku.dominos.jp/img/nav_coupon_o.html]
[archive.org/includes/donate0730.html]
[web.archive.org/web/20130426041301/http_/web.archive.org/screenshot/http_/miku.dominos.jp/img/nav_support_o.html]
[web.archive.org/web/20130307024234/http_/web.archive.org/screenshot/http_/miku.dominos.jp/img/nav_support_o.png]
[web.archive.org/web/20130307024234_/http_/miku.dominos.jp/img/nav_support_o.html]
[archive.org/includes/donate0b8a.html]
[web.archive.org/web/20130307024234if_/http_/miku.dominos.jp/img/nav_support_o.png]
[web.archive.org/web/20130307024234/http_/miku.dominos.jp/img/nav_support_o.html]
[web.archive.org/web/20130426041301_/http_/miku.dominos.jp/img/nav_support_o.html]
[archive.org/includes/donateaddd.html]
[web.archive.org/web/20130426045148/http_/web.archive.org/screenshot/http_/miku.dominos.jp/img/nav_top_o.html]
[web.archive.org/web/20130307024235/http_/web.archive.org/screenshot/http_/miku.dominos.jp/img/nav_top_o.png]
[web.archive.org/web/20130307024235_/http_/miku.dominos.jp/img/nav_top_o.html]
[archive.org/includes/donatee674.html]
[web.archive.org/web/20130307024235if_/http_/miku.dominos.jp/img/nav_top_o.png]
[web.archive.org/web/20130307024235/http_/miku.dominos.jp/img/nav_top_o.html]
[web.archive.org/web/20130426045148_/http_/miku.dominos.jp/img/nav_top_o.html]
[archive.org/includes/donate2005.html]
[web.archive.org/web/20130426045711/http_/web.archive.org/screenshot/http_/miku.dominos.jp/img/video_frame_o.html]
[web.archive.org/web/20130307024228/http_/web.archive.org/screenshot/http_/miku.dominos.jp/img/video_frame_o.1c9.delayed]
[web.archive.org/web/20130307024228_/http_/miku.dominos.jp/img/video_frame_o.html]
[web.archive.org/web/20130307024228if_/http_/miku.dominos.jp/img/video_frame_o.png]
[web.archive.org/web/20130307024228/http_/miku.dominos.jp/img/video_frame_o.html]
[web.archive.org/web/20130426045711_/http_/miku.dominos.jp/img/video_frame_o.html]
[archive.org/includes/donatef43c.html]
[miku.dominos.jp/img/ogp.jpg]
[web.archive.org/web/20130307024235/http_/web.archive.org/screenshot/http_/miku.dominos.jp/img/btn_appstore_o.html]
[web.archive.org/web/20130307024235_/http_/miku.dominos.jp/img/btn_appstore_o.html]
[archive.org/includes/donate0e2a.html]
[web.archive.org/web/20130609082407/http_/web.archive.org/screenshot/http_/miku.dominos.jp/img/btn_appstore_o.html]
[web.archive.org/web/20130609082407_/http_/miku.dominos.jp/img/btn_appstore_o.html]
[archive.org/includes/donate9868.html]
[archive.org/includes/jquery-1.10.2.min7a0c.js]
[archive.org/includes/analytics6a13.js]
[archive.org/includes/build/npm/jquery-ui.mine7d9.js]
[archive.org/components/npm/clipboard/dist/clipboard6a13.js]
[archive.org/includes/build/js/regenerator-runtime-polyfill.min6a13.js]
[archive.org/includes/build/js/polyfill.min6a13.js]
[archive.org/includes/build/js/ie-dom-node-remove-polyfill.min6a13.js]
[archive.org/components/npm/@webcomponents/webcomponentsjs/webcomponents-bundle6a13.js]
[web.archive.org/web/20120205095432/http_/www.led-zeppelin.org/images/loading.gif]
[archive.org/includes/build/js/more-facets.min6a13.js]
[archive.org/includes/build/js/radio-player-controller.min6a13.js]
[archive.org/includes/build/js/mobile-top-nav.min6a13.js]
[archive.org/includes/build/npm/react/umd/react.production.min3a93.js]
[archive.org/includes/build/npm/react-dom/umd/react-dom.production.min3a93.js]
[archive.org/includes/jquery-ui/images/ui-bg_highlight-soft_75_cccccc_1x100.png]
[archive.org/includes/build/js/archive.min6a13.js]
[archive.org/includes/build/js/areact.min6a13.js]
[archive.org/includes/jquery-ui/images/ui-bg_glass_95_fef1ec_1x400.png]
[archive.org/includes/jquery-ui/images/ui-icons_222222_256x240.png]
[archive.org/includes/jquery-ui/images/ui-icons_454545_256x240.png]
[archive.org/includes/jquery-ui/images/ui-icons_2e83ff_256x240.png]
[archive.org/includes/jquery-ui/images/ui-icons_cd0a0a_256x240.png]
[archive.org/includes/jquery-ui/images/ui-icons_888888_256x240.png]
[archive.org/images/loading.gif]
[archive.org/images/tv2op70.png]
[archive.org/images/tv2op30.png]
[archive.org/images/tv2op50.png]
[archive.org/includes/bg.gif]
[archive.org/includes/asc.gif]
[archive.org/includes/desc.gif]
[archive.org/images/paypal_small.png]
[archive.org/images/cc_logos.png]
[archive.org/images/check.png]
[archive.org/images/black.png]
[archive.org/includes/build/css/archive.min6a13.css]
[web.archive.org/_static/images/logo_WM.png]
[web.archive.org/_static/images/logo_archive-sm.png]
[web.archive.org/_static/css/stylesde12.css]
[web.archive.org/_static/css/web.css]
[web.archive.org/static/bower_components/wayback-search-js/dist/vendors_main.0434e0f03eb87bbd2abf.chunk.css]
[web.archive.org/static/bower_components/wayback-search-js/dist/main.060f689309dac082ddee.chunk.css]
[archive.org/web/carouFredSel/jquery.carouFredSel-6.2.1-packed9242.js]
[archive.org/includes/jquery-1.10.2.min.js]
[archive.org/components/npm/@babel/polyfill/dist/polyfill.min.js]
[archive.org/includes/build/js/ie-dom-node-remove-polyfill.min.js]
[archive.org/includes/analytics.js]
[web.archive.org/web/20130307024230/http_/web.archive.org/screenshot/http_/miku.dominos.jp/img/nav_app_after_o.html]
[web.archive.org/web/20130307024230_/http_/miku.dominos.jp/img/nav_app_after_o.html]
[web.archive.org/web/20130307024226/http_/web.archive.org/screenshot/http_/miku.dominos.jp/img/nav_app_o.html]
[web.archive.org/web/20130307024226_/http_/miku.dominos.jp/img/nav_app_o.html]
[archive.org/includes/donate4ba5.html]
[web.archive.org/web/20130307024224/http_/web.archive.org/screenshot/http_/miku.dominos.jp/img/nav_bike_o.html]
[web.archive.org/web/20130307024224_/http_/miku.dominos.jp/img/nav_bike_o.html]
[archive.org/includes/donatef5a6.html]
[web.archive.org/web/20130307024224/http_/web.archive.org/screenshot/http_/miku.dominos.jp/img/nav_box_o.html]
[web.archive.org/web/20130307024224_/http_/miku.dominos.jp/img/nav_box_o.html]
[archive.org/includes/donate6fd9.html]
[web.archive.org/web/20130307024235/http_/web.archive.org/screenshot/http_/miku.dominos.jp/img/nav_coupon_o.html]
[web.archive.org/web/20130307024235_/http_/miku.dominos.jp/img/nav_coupon_o.html]
[archive.org/includes/donate3279.html]
[web.archive.org/web/20130307024234/http_/web.archive.org/screenshot/http_/miku.dominos.jp/img/nav_support_o.html]
[web.archive.org/web/20130307024234_/http_/miku.dominos.jp/img/nav_support_o.html]
[archive.org/includes/donate0b8a.html]
[web.archive.org/web/20130307024235/http_/web.archive.org/screenshot/http_/miku.dominos.jp/img/nav_top_o.html]
[web.archive.org/web/20130307024235_/http_/miku.dominos.jp/img/nav_top_o.html]
[archive.org/includes/donatee674.html]
[web.archive.org/web/20130307024228/http_/web.archive.org/screenshot/http_/miku.dominos.jp/img/video_frame_o.html]
[web.archive.org/web/20130307024228_/http_/miku.dominos.jp/img/video_frame_o.html]
[archive.org/includes/donate4d73.php]
[archive.org/includes/donate6b70.php]
[archive.org/includes/donateb55b.php]
[archive.org/includes/donate1392.php]
[archive.org/includes/build/js/ie-dom-node-remove-polyfill.min6a13.js]
[archive.org/includes/build/js/polyfill.min6a13.js]
[archive.org/components/npm/@webcomponents/webcomponentsjs/webcomponents-bundle6a13.js]
[web.archive.org/includes/build/css/archive.min.html]
[archive.org/includes/build/npm/react-dom/umd/react-dom.production.min3a93.js]
[archive.org/includes/bootstrap.minee7b.js]
[web.archive.org/web/20200506095419/https_/archive.org/components/manage/manage.css]
[web.archive.org/web/20130424040754_/http_/miku.dominos.jp/img/build/js/tvsearch.mind41d.html]
[archive.org/includes/build/js/archive.min6a13.js]
[archive.org/includes/build/js/areact.min6a13.js]
[archive.org/includes/jquery-ui/images/ui-bg_glass_75_e6e6e6_1x400.png]
[archive.org/includes/jquery-ui/images/ui-bg_glass_75_dadada_1x400.png]
[archive.org/includes/jquery-ui/images/ui-bg_glass_65_ffffff_1x400.png]
[miku.dominos.jp/img/btn_appstore_o.png]
[archive.org/includes/donate6b70.php]
[miku.dominos.jp/img/nav_app_after_o.png]
[archive.org/includes/donateb55b.php]
[miku.dominos.jp/img/nav_app_o.png]
[miku.dominos.jp/img/nav_bike_o.png]
[archive.org/includes/donate1392.php]
[miku.dominos.jp/img/nav_box_o.png]
[miku.dominos.jp/img/nav_coupon_o.png]
[miku.dominos.jp/img/nav_support_o.png]
[miku.dominos.jp/img/nav_top_o.png]
[archive.org/includes/donate4d73.php]
[miku.dominos.jp/img/video_frame_o.png]
[archive.org/includes/jquery-ui/images/ui-bg_glass_55_fbf9ee_1x400.png]
[web.archive.org/web/20130424040754_/http_/miku.dominos.jp/img/jwplayer.html]
[archive.org/includes/bootstrap.minee7b.js]
[web.archive.org/web/20200506095419/https_/archive.org/components/manage/manage.css]
[web.archive.org/web/20130424040754_/http_/miku.dominos.jp/img/build/js/tvsearch.mind41d.html]
[web.archive.org/web/20130424040754_/http_/miku.dominos.jp/img/jwplayer.html]
[web.archive.org/web/20130424040754_/http_/miku.dominos.jp/img/Popover requires tooltip.html]
[web.archive.org/web/20130424040754_/http_/miku.dominos.jp/img/Popover requires tooltip.html]
